// Jest Snapshot v1, https://goo.gl/fbAQLP

exports[`match snapshoot 1`] = `
<Connect(GenreArtists)
  fetchArtists={
    [MockFunction] {
      "calls": Array [
        Array [
          undefined,
        ],
      ],
      "results": Array [
        Object {
          "type": "return",
          "value": undefined,
        },
      ],
    }
  }
  store={
    Object {
      "dispatch": [Function],
      "getState": [Function],
      "replaceReducer": [Function],
      "subscribe": [Function],
      Symbol(observable): [Function],
    }
  }
>
  <GenreArtists
    artists={Array []}
    fetchArtists={
      [MockFunction] {
        "calls": Array [
          Array [
            undefined,
          ],
        ],
        "results": Array [
          Object {
            "type": "return",
            "value": undefined,
          },
        ],
      }
    }
    store={
      Object {
        "dispatch": [Function],
        "getState": [Function],
        "replaceReducer": [Function],
        "subscribe": [Function],
        Symbol(observable): [Function],
      }
    }
  >
    <div
      className="container"
    >
      <div
        className="row"
      >
        ...loading
      </div>
    </div>
  </GenreArtists>
</Connect(GenreArtists)>
`;
