// Jest Snapshot v1, https://goo.gl/fbAQLP

exports[`match snapshoot 1`] = `
<GenreItem
  dispatch={[Function]}
  store={
    Object {
      "dispatch": [Function],
      "getState": [Function],
      "replaceReducer": [Function],
      "subscribe": [Function],
      Symbol(observable): [Function],
    }
  }
/>
`;
