// Jest Snapshot v1, https://goo.gl/fbAQLP

exports[`match snapshoot 1`] = `
<Connect(GenreList)
  fetchGenre={
    [MockFunction] {
      "calls": Array [
        Array [],
      ],
      "results": Array [
        Object {
          "type": "return",
          "value": undefined,
        },
      ],
    }
  }
  store={
    Object {
      "dispatch": [Function],
      "getState": [Function],
      "replaceReducer": [Function],
      "subscribe": [Function],
      Symbol(observable): [Function],
    }
  }
>
  <GenreList
    fetchGenre={
      [MockFunction] {
        "calls": Array [
          Array [],
        ],
        "results": Array [
          Object {
            "type": "return",
            "value": undefined,
          },
        ],
      }
    }
    genres={Array []}
    store={
      Object {
        "dispatch": [Function],
        "getState": [Function],
        "replaceReducer": [Function],
        "subscribe": [Function],
        Symbol(observable): [Function],
      }
    }
  >
    <div
      className="container"
    >
      <div
        className="row"
      >
        <div
          className="col-12"
        >
          <div
            className="mt-2 mb-2"
            style={
              Object {
                "background": "#dc2878",
                "height": "50px ",
              }
            }
          >
            <h5
              className="p-2 text-white"
            >
               Genre Types
            </h5>
          </div>
        </div>
      </div>
      <div
        className="row"
      >
        ...loading
      </div>
    </div>
  </GenreList>
</Connect(GenreList)>
`;
